<html>
<body>
<pre>
<h1>µVision Build Log</h1>
<h2>Tool Versions:</h2>
IDE-Version: ¦ÌVision V5.17.0.0
Copyright (C) 2015 ARM Ltd and ARM Germany GmbH. All rights reserved.
License Information: ll Microsoft, Microsoft, LIC=9WSNN-Y19Q4-Y85FK-ZK88H-CALNZ-38DW3
 
Tool Versions:
Toolchain:       MDK-ARM Standard  Version: 5.17
Toolchain Path:  D:\Program Files\Keil_v5\ARM\ARMCC\Bin
C Compiler:      Armcc.exe V5.06 update 1 (build 61)
Assembler:       Armasm.exe V5.06 update 1 (build 61)
Linker/Locator:  ArmLink.exe V5.06 update 1 (build 61)
Library Manager: ArmAr.exe V5.06 update 1 (build 61)
Hex Converter:   FromElf.exe V5.06 update 1 (build 61)
CPU DLL:         SARMCM3.DLL V5.17
Dialog DLL:      DARMSTM.DLL V1.65.0.0
Target DLL:      STLink\ST-LINKIII-KEIL_SWO.dll V2.0.18.0
Dialog DLL:      TARMSTM.DLL V1.64.0.0
 
<h2>Project:</h2>
G:\IAR\GY955\GY955V1\stm32\GYXX_USART\user\GYXX_USART.uvprojx
Project File Date:  12/10/2015

<h2>Output:</h2>
*** Using Compiler 'V5.06 update 1 (build 61)', folder: 'D:\Program Files\Keil_v5\ARM\ARMCC\Bin'
Build target 'GYXX_USART'
compiling main.c...
main.c(53): warning:  #177-D: variable "data" was declared but never referenced
  	uint16_t data=0;
main.c(55): warning:  #550-D: variable "ROLL" was set but never used
  	float ROLL,PITCH,YAW;
main.c(55): warning:  #550-D: variable "PITCH" was set but never used
  	float ROLL,PITCH,YAW;
main.c(55): warning:  #550-D: variable "YAW" was set but never used
  	float ROLL,PITCH,YAW;
main.c(56): warning:  #550-D: variable "Q4" was set but never used
    float Q4[4];
main.c: 5 warnings, 0 errors
linking...
Program Size: Code=2964 RO-data=268 RW-data=28 ZI-data=1076  
FromELF: creating hex file...
"..\Output\GYXX_USART.axf" - 0 Error(s), 5 Warning(s).

<h2>Software Packages used:</h2>

Package Vendor: ARM
                http://www.keil.com/pack/ARM.CMSIS.4.5.0.pack
                ARM::CMSIS:CORE:4.3.0
                CMSIS (Cortex Microcontroller Software Interface Standard)
   * Component: CORE Version: 4.3.0

<h2>Collection of Component include folders:</h2>
  G:\IAR\GY955\GY955V1\stm32\GYXX_USART\user\RTE
  D:\Program Files\Keil_v5\ARM\PACK\ARM\CMSIS\4.5.0\CMSIS\Include
  D:\Program Files\Keil_v5\ARM\PACK\Keil\STM32F1xx_DFP\2.0.0\Device\Include

<h2>Collection of Component Files used:</h2>

   * Component: ARM::CMSIS:CORE:4.3.0
Build Time Elapsed:  00:00:01
</pre>
</body>
</html>
